// Jest Snapshot v1, https://goo.gl/fbAQLP

exports[`App component tests App snapshot test 1`] = `
<div
  className="App"
>
  <div>
    loading
  </div>
</div>
`;
